// Jest Snapshot v1, https://goo.gl/fbAQLP

exports[`Test Tabs Component should render the component to match the snapshot 1`] = `
Object {
  "asFragment": [Function],
  "baseElement": <body>
    <div>
      <section
        class="sc-bdfBQB hrmgu"
      >
        <nav
          class="global-block-fields tabs-fields"
        >
          <button
            class="tabs-button"
            data-testid="active-btn"
            value="ACTIVE"
          >
            <h2>
              ACTIVE
            </h2>
          </button>
          <button
            class="tabs-button"
            data-testid="done-btn"
            value="DONE"
          >
            <h2>
              DONE
            </h2>
          </button>
          <button
            class="tabs-button isClick"
            data-testid="all-btn"
            value="ALL"
          >
            <h2>
              ALL
            </h2>
          </button>
        </nav>
      </section>
    </div>
  </body>,
  "container": <div>
    <section
      class="sc-bdfBQB hrmgu"
    >
      <nav
        class="global-block-fields tabs-fields"
      >
        <button
          class="tabs-button"
          data-testid="active-btn"
          value="ACTIVE"
        >
          <h2>
            ACTIVE
          </h2>
        </button>
        <button
          class="tabs-button"
          data-testid="done-btn"
          value="DONE"
        >
          <h2>
            DONE
          </h2>
        </button>
        <button
          class="tabs-button isClick"
          data-testid="all-btn"
          value="ALL"
        >
          <h2>
            ALL
          </h2>
        </button>
      </nav>
    </section>
  </div>,
  "debug": [Function],
  "findAllByAltText": [Function],
  "findAllByDisplayValue": [Function],
  "findAllByLabelText": [Function],
  "findAllByPlaceholderText": [Function],
  "findAllByRole": [Function],
  "findAllByTestId": [Function],
  "findAllByText": [Function],
  "findAllByTitle": [Function],
  "findByAltText": [Function],
  "findByDisplayValue": [Function],
  "findByLabelText": [Function],
  "findByPlaceholderText": [Function],
  "findByRole": [Function],
  "findByTestId": [Function],
  "findByText": [Function],
  "findByTitle": [Function],
  "getAllByAltText": [Function],
  "getAllByDisplayValue": [Function],
  "getAllByLabelText": [Function],
  "getAllByPlaceholderText": [Function],
  "getAllByRole": [Function],
  "getAllByTestId": [Function],
  "getAllByText": [Function],
  "getAllByTitle": [Function],
  "getByAltText": [Function],
  "getByDisplayValue": [Function],
  "getByLabelText": [Function],
  "getByPlaceholderText": [Function],
  "getByRole": [Function],
  "getByTestId": [Function],
  "getByText": [Function],
  "getByTitle": [Function],
  "queryAllByAltText": [Function],
  "queryAllByDisplayValue": [Function],
  "queryAllByLabelText": [Function],
  "queryAllByPlaceholderText": [Function],
  "queryAllByRole": [Function],
  "queryAllByTestId": [Function],
  "queryAllByText": [Function],
  "queryAllByTitle": [Function],
  "queryByAltText": [Function],
  "queryByDisplayValue": [Function],
  "queryByLabelText": [Function],
  "queryByPlaceholderText": [Function],
  "queryByRole": [Function],
  "queryByTestId": [Function],
  "queryByText": [Function],
  "queryByTitle": [Function],
  "rerender": [Function],
  "unmount": [Function],
}
`;
